KLS/AdaptiveCovarianceNoise.lean:20:0: warning: automatically included section variable(s) unused in theorem `KLS.AdaptiveLocalization.supportNormBound_pos`:
  [IsProbabilityMeasure μ]
consider restructuring your `variable` declarations so that the variables are not in scope or explicitly omit them:
  omit [IsProbabilityMeasure μ] in theorem ...

Note: This linter can be disabled with `set_option linter.unusedSectionVars false`
KLS/AdaptiveCovarianceNoise.lean:23:0: warning: automatically included section variable(s) unused in theorem `KLS.AdaptiveLocalization.norm_le_supportNormBound`:
  [IsProbabilityMeasure μ]
consider restructuring your `variable` declarations so that the variables are not in scope or explicitly omit them:
  omit [IsProbabilityMeasure μ] in theorem ...

Note: This linter can be disabled with `set_option linter.unusedSectionVars false`
KLS/AdaptiveCovarianceNoise.lean:49:0: warning: automatically included section variable(s) unused in theorem `KLS.AdaptiveLocalization.covarianceNoiseCoefficient_eq_sum`:
  [IsProbabilityMeasure μ]
consider restructuring your `variable` declarations so that the variables are not in scope or explicitly omit them:
  omit [IsProbabilityMeasure μ] in theorem ...

Note: This linter can be disabled with `set_option linter.unusedSectionVars false`
'KLS.AdaptiveLocalization.BallProcess.covarianceNoiseIntegral_eq_sum' depends on axioms: [propext,
 Classical.choice,
 Quot.sound]
'KLS.AdaptiveLocalization.covarianceNoiseCoefficient_eq_thirdCumulant' depends on axioms: [propext,
 Classical.choice,
 Quot.sound]
