KLS/AdaptiveCovarianceCompactBounds.lean:15:2: warning: Try this: 
  letI̵

The goal is a proposition, so `let` is preferred over `letI`.
The difference between `let` and `letI` is that `letI` inlines the value.
But this is not relevant for proofs because of proof irrelevance.

Note: This linter can be disabled with `set_option linter.style.haveILetI false`
KLS/AdaptiveCovarianceCompactBounds.lean:16:2: warning: Try this: 
  letI̵

The goal is a proposition, so `let` is preferred over `letI`.
The difference between `let` and `letI` is that `letI` inlines the value.
But this is not relevant for proofs because of proof irrelevance.

Note: This linter can be disabled with `set_option linter.style.haveILetI false`
KLS/AdaptiveCovarianceCompactBounds.lean:25:2: warning: Try this: 
  letI̵

The goal is a proposition, so `let` is preferred over `letI`.
The difference between `let` and `letI` is that `letI` inlines the value.
But this is not relevant for proofs because of proof irrelevance.

Note: This linter can be disabled with `set_option linter.style.haveILetI false`
KLS/AdaptiveCovarianceCompactBounds.lean:26:2: warning: Try this: 
  letI̵

The goal is a proposition, so `let` is preferred over `letI`.
The difference between `let` and `letI` is that `letI` inlines the value.
But this is not relevant for proofs because of proof irrelevance.

Note: This linter can be disabled with `set_option linter.style.haveILetI false`
'KLS.AdaptiveLocalization.exists_matrix_inverse_bound' depends on axioms: [propext, Classical.choice, Quot.sound]
'KLS.AdaptiveLocalization.norm_inverseSqrtCovariance_le_of_inverse' depends on axioms: [propext,
 Classical.choice,
 Quot.sound]
