KLS/AdaptiveMaximalCovarianceNoise.lean:55:8: warning: `if_pos` has been deprecated: Use `ite_eq_left` instead

Hint: Replace the deprecated name:
  i̵f̵_̵p̵o̵s̵i̲t̲e̲_̲e̲q̲_̲l̲e̲f̲t̲
KLS/AdaptiveMaximalCovarianceNoise.lean:55:19: warning: `if_pos` has been deprecated: Use `ite_eq_left` instead

Hint: Replace the deprecated name:
  i̵f̵_̵p̵o̵s̵i̲t̲e̲_̲e̲q̲_̲l̲e̲f̲t̲
KLS/AdaptiveMaximalCovarianceNoise.lean:56:8: warning: `if_neg` has been deprecated: Use `ite_eq_right` instead

Hint: Replace the deprecated name:
  i̵f̵_̵n̵e̵g̵i̲t̲e̲_̲e̲q̲_̲r̲i̲g̲h̲t̲
KLS/AdaptiveMaximalCovarianceNoise.lean:56:19: warning: `if_neg` has been deprecated: Use `ite_eq_right` instead

Hint: Replace the deprecated name:
  i̵f̵_̵n̵e̵g̵i̲t̲e̲_̲e̲q̲_̲r̲i̲g̲h̲t̲
KLS/AdaptiveMaximalCovarianceNoise.lean:47:0: warning: automatically included section variable(s) unused in theorem `KLS.AdaptiveLocalization.MaximalProcess.covarianceNoise_eq_local`:
  [IsProbabilityMeasure μ]
consider restructuring your `variable` declarations so that the variables are not in scope or explicitly omit them:
  omit [IsProbabilityMeasure μ] in theorem ...

Note: This linter can be disabled with `set_option linter.unusedSectionVars false`
'KLS.AdaptiveLocalization.MaximalProcess.covarianceNoiseIntegral_eq_local' depends on axioms: [propext,
 Classical.choice,
 Quot.sound]
