KLS/LocalizationLipschitz.lean:32:2: warning: Try this: 
  letI̵

The goal is a proposition, so `let` is preferred over `letI`.
The difference between `let` and `letI` is that `letI` inlines the value.
But this is not relevant for proofs because of proof irrelevance.

Note: This linter can be disabled with `set_option linter.style.haveILetI false`
KLS/LocalizationLipschitz.lean:50:66: warning: Variable name `hB` is not explicitly referenced.

Hint: The binding can be removed (if unused) or named `_` (if used implicitly). Alternatively, prefix the name with `_` to silence this warning:
  [apply] _hB

Note: This linter can be disabled with `set_option linter.unusedVariables false`
KLS/LocalizationLipschitz.lean:70:30: warning: Variable name `hR` is not explicitly referenced.

Hint: The binding can be removed (if unused) or named `_` (if used implicitly). Alternatively, prefix the name with `_` to silence this warning:
  [apply] _hR

Note: This linter can be disabled with `set_option linter.unusedVariables false`
KLS/LocalizationLipschitz.lean:81:2: warning: Try this: 
  letI̵

The goal is a proposition, so `let` is preferred over `letI`.
The difference between `let` and `letI` is that `letI` inlines the value.
But this is not relevant for proofs because of proof irrelevance.

Note: This linter can be disabled with `set_option linter.style.haveILetI false`
KLS/LocalizationLipschitz.lean:112:2: warning: Try this: 
  letI̵

The goal is a proposition, so `let` is preferred over `letI`.
The difference between `let` and `letI` is that `letI` inlines the value.
But this is not relevant for proofs because of proof irrelevance.

Note: This linter can be disabled with `set_option linter.style.haveILetI false`
'KLS.StandardLocalization.hasDerivAt_mean_line' depends on axioms: [propext, Classical.choice, Quot.sound]
'KLS.StandardLocalization.norm_mean_sub_le' depends on axioms: [propext, Classical.choice, Quot.sound]
'KLS.StandardLocalization.norm_covariance_entry_le' depends on axioms: [propext, Classical.choice, Quot.sound]
