KLS/VectorBrownianExample.lean:72:2: warning: Try this: 
  haveI̵

The goal is a proposition, so `have` is preferred over `haveI`.
The difference between `have` and `haveI` is that `haveI` inlines the value.
But this is not relevant for proofs because of proof irrelevance.

Note: This linter can be disabled with `set_option linter.style.haveILetI false`
KLS/VectorBrownianExample.lean:109:0: warning: automatically included section variable(s) unused in theorem `KLSLevyProbe.identityDiffusion_bound`:
  [MeasurableSpace Ω]
consider restructuring your `variable` declarations so that the variables are not in scope or explicitly omit them:
  omit [MeasurableSpace Ω] in theorem ...

Note: This linter can be disabled with `set_option linter.unusedSectionVars false`
KLS/VectorBrownianExample.lean:150:16: warning: `if_pos` has been deprecated: Use `ite_eq_left` instead

Hint: Replace the deprecated name:
  i̵f̵_̵p̵o̵s̵i̲t̲e̲_̲e̲q̲_̲l̲e̲f̲t̲
KLS/VectorBrownianExample.lean:166:16: warning: `if_neg` has been deprecated: Use `ite_eq_right` instead

Hint: Replace the deprecated name:
  i̵f̵_̵n̵e̵g̵i̲t̲e̲_̲e̲q̲_̲r̲i̲g̲h̲t̲
'KLSLevyProbe.usualFiltration_brownian' depends on axioms: [propext, Classical.choice, Quot.sound]
'KLSLevyProbe.exists_identityVersion' depends on axioms: [propext, Classical.choice, Quot.sound]
'KLSLevyProbe.identityVersion_ae_eq' depends on axioms: [propext, Classical.choice, Quot.sound]
'KLSLevyProbe.exists_two_coordinate_model' depends on axioms: [propext, Classical.choice, Quot.sound]
