NAME KLS.CenteredExponential.instIsProbabilityMeasureRealExpMeasureOfNat_kLS_1
KIND theorem
ORIGIN KLS.ExponentialPoincare
AXIOMS [propext, Classical.choice, Quot.sound]
LEVELS []
RAW_TYPE Lean.Expr.app
  (Lean.Expr.app
    (Lean.Expr.app (Lean.Expr.const `MeasureTheory.IsProbabilityMeasure [Lean.Level.zero]) (Lean.Expr.const `Real []))
    (Lean.Expr.const `Real.measurableSpace []))
  (Lean.Expr.app
    (Lean.Expr.const `ProbabilityTheory.expMeasure [])
    (Lean.Expr.app
      (Lean.Expr.app
        (Lean.Expr.app (Lean.Expr.const `OfNat.ofNat [Lean.Level.zero]) (Lean.Expr.const `Real []))
        (Lean.Expr.lit (Lean.Literal.natVal 1)))
      (Lean.Expr.app
        (Lean.Expr.app (Lean.Expr.const `One.toOfNat1 [Lean.Level.zero]) (Lean.Expr.const `Real []))
        (Lean.Expr.const `Real.instOne []))))
RAW_PROOF Lean.Expr.app
  (Lean.Expr.app
    (Lean.Expr.const `ProbabilityTheory.isProbabilityMeasure_expMeasure [])
    (Lean.Expr.app
      (Lean.Expr.app
        (Lean.Expr.app (Lean.Expr.const `OfNat.ofNat [Lean.Level.zero]) (Lean.Expr.const `Real []))
        (Lean.Expr.lit (Lean.Literal.natVal 1)))
      (Lean.Expr.app
        (Lean.Expr.app (Lean.Expr.const `One.toOfNat1 [Lean.Level.zero]) (Lean.Expr.const `Real []))
        (Lean.Expr.const `Real.instOne []))))
  (Lean.Expr.app
    (Lean.Expr.app
      (Lean.Expr.app
        (Lean.Expr.app
          (Lean.Expr.app
            (Lean.Expr.app
              (Lean.Expr.app
                (Lean.Expr.app
                  (Lean.Expr.app
                    (Lean.Expr.app
                      (Lean.Expr.app
                        (Lean.Expr.app
                          (Lean.Expr.const `Mathlib.Meta.NormNum.isNat_lt_true [Lean.Level.zero])
                          (Lean.Expr.const `Real []))
                        (Lean.Expr.const `Real.semiring []))
                      (Lean.Expr.const `Real.partialOrder []))
                    (Lean.Expr.const `Real.instIsOrderedRing []))
                  (Lean.Expr.app
                    (Lean.Expr.app
                      (Lean.Expr.app
                        (Lean.Expr.app
                          (Lean.Expr.const `FloorSemiring.instCharZero [Lean.Level.zero])
                          (Lean.Expr.const `Real []))
                        (Lean.Expr.app
                          (Lean.Expr.app
                            (Lean.Expr.const `Ring.toSemiring [Lean.Level.zero])
                            (Lean.Expr.const `Real []))
                          (Lean.Expr.const `Real.instRing [])))
                      (Lean.Expr.const `Real.partialOrder []))
                    (Lean.Expr.app
                      (Lean.Expr.app
                        (Lean.Expr.app
                          (Lean.Expr.app
                            (Lean.Expr.const `FloorRing.toFloorSemiring [Lean.Level.zero])
                            (Lean.Expr.const `Real []))
                          (Lean.Expr.const `Real.instRing []))
                        (Lean.Expr.const `Real.linearOrder []))
                      (Lean.Expr.const `Real.instFloorRing []))))
                (Lean.Expr.app
                  (Lean.Expr.app
                    (Lean.Expr.app (Lean.Expr.const `OfNat.ofNat [Lean.Level.zero]) (Lean.Expr.const `Real []))
                    (Lean.Expr.lit (Lean.Literal.natVal 0)))
                  (Lean.Expr.app
                    (Lean.Expr.app (Lean.Expr.const `Zero.toOfNat0 [Lean.Level.zero]) (Lean.Expr.const `Real []))
                    (Lean.Expr.const `Real.instZero []))))
              (Lean.Expr.app
                (Lean.Expr.app
                  (Lean.Expr.app (Lean.Expr.const `OfNat.ofNat [Lean.Level.zero]) (Lean.Expr.const `Real []))
                  (Lean.Expr.lit (Lean.Literal.natVal 1)))
                (Lean.Expr.app
                  (Lean.Expr.app (Lean.Expr.const `One.toOfNat1 [Lean.Level.zero]) (Lean.Expr.const `Real []))
                  (Lean.Expr.const `Real.instOne []))))
            (Lean.Expr.lit (Lean.Literal.natVal 0)))
          (Lean.Expr.lit (Lean.Literal.natVal 1)))
        (Lean.Expr.app
          (Lean.Expr.app
            (Lean.Expr.app
              (Lean.Expr.app
                (Lean.Expr.app
                  (Lean.Expr.const `Mathlib.Meta.NormNum.isNat_ofNat [Lean.Level.zero])
                  (Lean.Expr.const `Real []))
                (Lean.Expr.app
                  (Lean.Expr.app
                    (Lean.Expr.const `AddGroupWithOne.toAddMonoidWithOne [Lean.Level.zero])
                    (Lean.Expr.const `Real []))
                  (Lean.Expr.app
                    (Lean.Expr.app
                      (Lean.Expr.const `Ring.toAddGroupWithOne [Lean.Level.zero])
                      (Lean.Expr.const `Real []))
                    (Lean.Expr.const `Real.instRing []))))
              (Lean.Expr.app
                (Lean.Expr.app
                  (Lean.Expr.app (Lean.Expr.const `OfNat.ofNat [Lean.Level.zero]) (Lean.Expr.const `Real []))
                  (Lean.Expr.lit (Lean.Literal.natVal 0)))
                (Lean.Expr.app
                  (Lean.Expr.app (Lean.Expr.const `Zero.toOfNat0 [Lean.Level.zero]) (Lean.Expr.const `Real []))
                  (Lean.Expr.const `Real.instZero []))))
            (Lean.Expr.lit (Lean.Literal.natVal 0)))
          (Lean.Expr.app
            (Lean.Expr.app (Lean.Expr.const `Nat.cast_zero [Lean.Level.zero]) (Lean.Expr.const `Real []))
            (Lean.Expr.app
              (Lean.Expr.app
                (Lean.Expr.const `AddGroupWithOne.toAddMonoidWithOne [Lean.Level.zero])
                (Lean.Expr.const `Real []))
              (Lean.Expr.app
                (Lean.Expr.app (Lean.Expr.const `Ring.toAddGroupWithOne [Lean.Level.zero]) (Lean.Expr.const `Real []))
                (Lean.Expr.const `Real.instRing []))))))
      (Lean.Expr.app
        (Lean.Expr.app
          (Lean.Expr.app
            (Lean.Expr.app
              (Lean.Expr.app
                (Lean.Expr.const `Mathlib.Meta.NormNum.isNat_ofNat [Lean.Level.zero])
                (Lean.Expr.const `Real []))
              (Lean.Expr.app
                (Lean.Expr.app
                  (Lean.Expr.const `AddGroupWithOne.toAddMonoidWithOne [Lean.Level.zero])
                  (Lean.Expr.const `Real []))
                (Lean.Expr.app
                  (Lean.Expr.app (Lean.Expr.const `Ring.toAddGroupWithOne [Lean.Level.zero]) (Lean.Expr.const `Real []))
                  (Lean.Expr.const `Real.instRing []))))
            (Lean.Expr.app
              (Lean.Expr.app
                (Lean.Expr.app (Lean.Expr.const `OfNat.ofNat [Lean.Level.zero]) (Lean.Expr.const `Real []))
                (Lean.Expr.lit (Lean.Literal.natVal 1)))
              (Lean.Expr.app
                (Lean.Expr.app (Lean.Expr.const `One.toOfNat1 [Lean.Level.zero]) (Lean.Expr.const `Real []))
                (Lean.Expr.const `Real.instOne []))))
          (Lean.Expr.lit (Lean.Literal.natVal 1)))
        (Lean.Expr.app
          (Lean.Expr.app (Lean.Expr.const `Nat.cast_one [Lean.Level.zero]) (Lean.Expr.const `Real []))
          (Lean.Expr.app
            (Lean.Expr.app
              (Lean.Expr.const `AddGroupWithOne.toAddMonoidWithOne [Lean.Level.zero])
              (Lean.Expr.const `Real []))
            (Lean.Expr.app
              (Lean.Expr.app (Lean.Expr.const `Ring.toAddGroupWithOne [Lean.Level.zero]) (Lean.Expr.const `Real []))
              (Lean.Expr.const `Real.instRing []))))))
    (Lean.Expr.app
      (Lean.Expr.app (Lean.Expr.const `Eq.refl [Lean.Level.succ (Lean.Level.zero)]) (Lean.Expr.const `Bool []))
      (Lean.Expr.const `Bool.false [])))
TYPE @MeasureTheory.IsProbabilityMeasure.{0} Real Real.measurableSpace
  (ProbabilityTheory.expMeasure (@OfNat.ofNat.{0} Real (nat_lit 1) (@One.toOfNat1.{0} Real Real.instOne)))
PROOF @ProbabilityTheory.isProbabilityMeasure_expMeasure
  (@OfNat.ofNat.{0} Real (nat_lit 1) (@One.toOfNat1.{0} Real Real.instOne))
  (@Mathlib.Meta.NormNum.isNat_lt_true.{0} Real Real.semiring Real.partialOrder Real.instIsOrderedRing
    (@FloorSemiring.instCharZero.{0} Real (@Ring.toSemiring.{0} Real Real.instRing) Real.partialOrder
      (@FloorRing.toFloorSemiring.{0} Real Real.instRing Real.linearOrder Real.instFloorRing))
    (@OfNat.ofNat.{0} Real (nat_lit 0) (@Zero.toOfNat0.{0} Real Real.instZero))
    (@OfNat.ofNat.{0} Real (nat_lit 1) (@One.toOfNat1.{0} Real Real.instOne)) (nat_lit 0) (nat_lit 1)
    (@Mathlib.Meta.NormNum.isNat_ofNat.{0} Real
      (@AddGroupWithOne.toAddMonoidWithOne.{0} Real (@Ring.toAddGroupWithOne.{0} Real Real.instRing))
      (@OfNat.ofNat.{0} Real (nat_lit 0) (@Zero.toOfNat0.{0} Real Real.instZero)) (nat_lit 0)
      (@Nat.cast_zero.{0} Real
        (@AddGroupWithOne.toAddMonoidWithOne.{0} Real (@Ring.toAddGroupWithOne.{0} Real Real.instRing))))
    (@Mathlib.Meta.NormNum.isNat_ofNat.{0} Real
      (@AddGroupWithOne.toAddMonoidWithOne.{0} Real (@Ring.toAddGroupWithOne.{0} Real Real.instRing))
      (@OfNat.ofNat.{0} Real (nat_lit 1) (@One.toOfNat1.{0} Real Real.instOne)) (nat_lit 1)
      (@Nat.cast_one.{0} Real
        (@AddGroupWithOne.toAddMonoidWithOne.{0} Real (@Ring.toAddGroupWithOne.{0} Real Real.instRing))))
    (@Eq.refl.{1} Bool Bool.false))
END_DUMP
